F:\NOAHOSV2\trunk\Include\config.h
F:\NOAHOSV2\trunk\Include\noahos.h
F:\NOAHOSV2\trunk\Include\arch\ansi.h
F:\NOAHOSV2\trunk\Include\arch\arch.h
F:\NOAHOSV2\trunk\Include\arch\asm.h
F:\NOAHOSV2\trunk\Include\arch\elf.h
F:\NOAHOSV2\trunk\Include\arch\limits.h
F:\NOAHOSV2\trunk\Include\arch\setjmp.h
F:\NOAHOSV2\trunk\Include\arch\signal.h
F:\NOAHOSV2\trunk\Include\arch\stdarg.h
F:\NOAHOSV2\trunk\Include\arch\systrap.h
F:\NOAHOSV2\trunk\Include\arch\types.h
F:\NOAHOSV2\trunk\Include\arch\arm\ansi.h
F:\NOAHOSV2\trunk\Include\arch\arm\arch.h
F:\NOAHOSV2\trunk\Include\arch\arm\asm.h
F:\NOAHOSV2\trunk\Include\arch\arm\elf.h
F:\NOAHOSV2\trunk\Include\arch\arm\limits.h
F:\NOAHOSV2\trunk\Include\arch\arm\setjmp.h
F:\NOAHOSV2\trunk\Include\arch\arm\signal.h
F:\NOAHOSV2\trunk\Include\arch\arm\stdarg.h
F:\NOAHOSV2\trunk\Include\arch\arm\systrap.h
F:\NOAHOSV2\trunk\Include\arch\arm\types.h
F:\NOAHOSV2\trunk\Include\arch\i386\ansi.h
F:\NOAHOSV2\trunk\Include\arch\i386\arch.h
F:\NOAHOSV2\trunk\Include\arch\i386\asm.h
F:\NOAHOSV2\trunk\Include\arch\i386\elf.h
F:\NOAHOSV2\trunk\Include\arch\i386\limits.h
F:\NOAHOSV2\trunk\Include\arch\i386\setjmp.h
F:\NOAHOSV2\trunk\Include\arch\i386\signal.h
F:\NOAHOSV2\trunk\Include\arch\i386\stdarg.h
F:\NOAHOSV2\trunk\Include\arch\i386\systrap.h
F:\NOAHOSV2\trunk\Include\arch\i386\types.h
F:\NOAHOSV2\trunk\Include\arch\mips\ansi.h
F:\NOAHOSV2\trunk\Include\arch\mips\arch.h
F:\NOAHOSV2\trunk\Include\arch\mips\archdefs.h
F:\NOAHOSV2\trunk\Include\arch\mips\asm.h
F:\NOAHOSV2\trunk\Include\arch\mips\elf.h
F:\NOAHOSV2\trunk\Include\arch\mips\limits.h
F:\NOAHOSV2\trunk\Include\arch\mips\mips.h
F:\NOAHOSV2\trunk\Include\arch\mips\mipsregs.h
F:\NOAHOSV2\trunk\Include\arch\mips\setjmp.h
F:\NOAHOSV2\trunk\Include\arch\mips\signal.h
F:\NOAHOSV2\trunk\Include\arch\mips\stdarg.h
F:\NOAHOSV2\trunk\Include\arch\mips\systrap.h
F:\NOAHOSV2\trunk\Include\arch\mips\types.h
F:\NOAHOSV2\trunk\Include\arch\win32\ansi.h
F:\NOAHOSV2\trunk\Include\arch\win32\arch.h
F:\NOAHOSV2\trunk\Include\arch\win32\asm.h
F:\NOAHOSV2\trunk\Include\arch\win32\elf.h
F:\NOAHOSV2\trunk\Include\arch\win32\limits.h
F:\NOAHOSV2\trunk\Include\arch\win32\setjmp.h
F:\NOAHOSV2\trunk\Include\arch\win32\signal.h
F:\NOAHOSV2\trunk\Include\arch\win32\stdarg.h
F:\NOAHOSV2\trunk\Include\arch\win32\systrap.h
F:\NOAHOSV2\trunk\Include\arch\win32\types.h
F:\NOAHOSV2\trunk\Include\config\AK3620.h
F:\NOAHOSV2\trunk\Include\config\AK7802.h
F:\NOAHOSV2\trunk\Include\config\AK8802.h
F:\NOAHOSV2\trunk\Include\config\ET580.h
F:\NOAHOSV2\trunk\Include\config\JZ4740.h
F:\NOAHOSV2\trunk\Include\config\ND580.h
F:\NOAHOSV2\trunk\Include\config\ND750.h
F:\NOAHOSV2\trunk\Include\config\ND970.h
F:\NOAHOSV2\trunk\Include\config\NE350.h
F:\NOAHOSV2\trunk\Include\direct\image.h
F:\NOAHOSV2\trunk\Include\direct\media.h
F:\NOAHOSV2\trunk\Include\direct\surface.h
F:\NOAHOSV2\trunk\Include\direct\AK3620\APU.h
F:\NOAHOSV2\trunk\Include\direct\AK3620\APUConfig.h
F:\NOAHOSV2\trunk\Include\direct\AK3620\APUGlobal.h
F:\NOAHOSV2\trunk\Include\direct\AK3620\audio.h
F:\NOAHOSV2\trunk\Include\direct\AK3620\image_api.h
F:\NOAHOSV2\trunk\Include\direct\AK3620\movie_player_lib.h
F:\NOAHOSV2\trunk\Include\direct\AK3620\vedio.h
F:\NOAHOSV2\trunk\Include\direct\AK3620\VedioPortAudio.h
F:\NOAHOSV2\trunk\Include\direct\AK3620\VedioPortCam.h
F:\NOAHOSV2\trunk\Include\direct\AK3620\VedioPortFs.h
F:\NOAHOSV2\trunk\Include\direct\AK3620\VedioPortMem.h
F:\NOAHOSV2\trunk\Include\direct\AK3620\VedioPortShow.h
F:\NOAHOSV2\trunk\Include\direct\AK8802\anyka_types.h
F:\NOAHOSV2\trunk\Include\direct\AK8802\media.h
F:\NOAHOSV2\trunk\Include\direct\AK8802\media_player_lib.h
F:\NOAHOSV2\trunk\Include\direct\AK8802\media_recorder_lib.h
F:\NOAHOSV2\trunk\Include\direct\AK8802\medialib_global.h
F:\NOAHOSV2\trunk\Include\direct\AK8802\medialib_struct.h
F:\NOAHOSV2\trunk\Include\direct\AK8802\mobiletv_recorder_lib.h
F:\NOAHOSV2\trunk\Include\direct\AK8802\sdcodec.h
F:\NOAHOSV2\trunk\Include\direct\AK8802\video_stream_lib.h
F:\NOAHOSV2\trunk\Include\direct\Win32\media.h
F:\NOAHOSV2\trunk\Include\ffmpeg\inttypes.h
F:\NOAHOSV2\trunk\Include\ffmpeg\stdint.h
F:\NOAHOSV2\trunk\Include\ffmpeg\libavcodec\avcodec.h
F:\NOAHOSV2\trunk\Include\ffmpeg\libavcodec\opt.h
F:\NOAHOSV2\trunk\Include\ffmpeg\libavcodec\vdpau.h
F:\NOAHOSV2\trunk\Include\ffmpeg\libavdevice\avdevice.h
F:\NOAHOSV2\trunk\Include\ffmpeg\libavformat\avformat.h
F:\NOAHOSV2\trunk\Include\ffmpeg\libavformat\avio.h
F:\NOAHOSV2\trunk\Include\ffmpeg\libavformat\rtsp.h
F:\NOAHOSV2\trunk\Include\ffmpeg\libavformat\rtspcodes.h
F:\NOAHOSV2\trunk\Include\ffmpeg\libavutil\adler32.h
F:\NOAHOSV2\trunk\Include\ffmpeg\libavutil\avstring.h
F:\NOAHOSV2\trunk\Include\ffmpeg\libavutil\avutil.h
F:\NOAHOSV2\trunk\Include\ffmpeg\libavutil\base64.h
F:\NOAHOSV2\trunk\Include\ffmpeg\libavutil\common.h
F:\NOAHOSV2\trunk\Include\ffmpeg\libavutil\crc.h
F:\NOAHOSV2\trunk\Include\ffmpeg\libavutil\fifo.h
F:\NOAHOSV2\trunk\Include\ffmpeg\libavutil\intfloat_readwrite.h
F:\NOAHOSV2\trunk\Include\ffmpeg\libavutil\log.h
F:\NOAHOSV2\trunk\Include\ffmpeg\libavutil\lzo.h
F:\NOAHOSV2\trunk\Include\ffmpeg\libavutil\mathematics.h
F:\NOAHOSV2\trunk\Include\ffmpeg\libavutil\md5.h
F:\NOAHOSV2\trunk\Include\ffmpeg\libavutil\mem.h
F:\NOAHOSV2\trunk\Include\ffmpeg\libavutil\random.h
F:\NOAHOSV2\trunk\Include\ffmpeg\libavutil\rational.h
F:\NOAHOSV2\trunk\Include\ffmpeg\libavutil\sha1.h
F:\NOAHOSV2\trunk\Include\ffmpeg\libswscale\swscale.h
F:\NOAHOSV2\trunk\Include\filesys\DrvIo.h
F:\NOAHOSV2\trunk\Include\filesys\fs.h
F:\NOAHOSV2\trunk\Include\filesys\Ftl.h
F:\NOAHOSV2\trunk\Include\filesys\kfs.h
F:\NOAHOSV2\trunk\Include\filesys\Nand.h
F:\NOAHOSV2\trunk\Include\filesys\SysProg.h
F:\NOAHOSV2\trunk\Include\font\font.h
F:\NOAHOSV2\trunk\Include\font\ft2build.h
F:\NOAHOSV2\trunk\Include\font\freetype\freetype.h
F:\NOAHOSV2\trunk\Include\font\freetype\ftbbox.h
F:\NOAHOSV2\trunk\Include\font\freetype\ftbdf.h
F:\NOAHOSV2\trunk\Include\font\freetype\ftbitmap.h
F:\NOAHOSV2\trunk\Include\font\freetype\ftcache.h
F:\NOAHOSV2\trunk\Include\font\freetype\ftchapters.h
F:\NOAHOSV2\trunk\Include\font\freetype\fterrdef.h
F:\NOAHOSV2\trunk\Include\font\freetype\fterrors.h
F:\NOAHOSV2\trunk\Include\font\freetype\ftgasp.h
F:\NOAHOSV2\trunk\Include\font\freetype\ftglyph.h
F:\NOAHOSV2\trunk\Include\font\freetype\ftgxval.h
F:\NOAHOSV2\trunk\Include\font\freetype\ftgzip.h
F:\NOAHOSV2\trunk\Include\font\freetype\ftimage.h
F:\NOAHOSV2\trunk\Include\font\freetype\ftincrem.h
F:\NOAHOSV2\trunk\Include\font\freetype\ftlcdfil.h
F:\NOAHOSV2\trunk\Include\font\freetype\ftlist.h
F:\NOAHOSV2\trunk\Include\font\freetype\ftlzw.h
F:\NOAHOSV2\trunk\Include\font\freetype\ftmac.h
F:\NOAHOSV2\trunk\Include\font\freetype\ftmm.h
F:\NOAHOSV2\trunk\Include\font\freetype\ftmodapi.h
F:\NOAHOSV2\trunk\Include\font\freetype\ftmoderr.h
F:\NOAHOSV2\trunk\Include\font\freetype\ftotval.h
F:\NOAHOSV2\trunk\Include\font\freetype\ftoutln.h
F:\NOAHOSV2\trunk\Include\font\freetype\ftpfr.h
F:\NOAHOSV2\trunk\Include\font\freetype\ftrender.h
F:\NOAHOSV2\trunk\Include\font\freetype\ftsizes.h
F:\NOAHOSV2\trunk\Include\font\freetype\ftsnames.h
F:\NOAHOSV2\trunk\Include\font\freetype\ftstroke.h
F:\NOAHOSV2\trunk\Include\font\freetype\ftsynth.h
F:\NOAHOSV2\trunk\Include\font\freetype\ftsystem.h
F:\NOAHOSV2\trunk\Include\font\freetype\fttrigon.h
F:\NOAHOSV2\trunk\Include\font\freetype\fttypes.h
F:\NOAHOSV2\trunk\Include\font\freetype\ftwinfnt.h
F:\NOAHOSV2\trunk\Include\font\freetype\ftxf86.h
F:\NOAHOSV2\trunk\Include\font\freetype\t1tables.h
F:\NOAHOSV2\trunk\Include\font\freetype\ttnameid.h
F:\NOAHOSV2\trunk\Include\font\freetype\tttables.h
F:\NOAHOSV2\trunk\Include\font\freetype\tttags.h
F:\NOAHOSV2\trunk\Include\font\freetype\ttunpat.h
F:\NOAHOSV2\trunk\Include\font\freetype\config\ftconfig.h
F:\NOAHOSV2\trunk\Include\font\freetype\config\ftheader.h
F:\NOAHOSV2\trunk\Include\font\freetype\config\ftmodule.h
F:\NOAHOSV2\trunk\Include\font\freetype\config\ftoption.h
F:\NOAHOSV2\trunk\Include\font\freetype\config\ftstdlib.h
F:\NOAHOSV2\trunk\Include\font\freetype\internal\autohint.h
F:\NOAHOSV2\trunk\Include\font\freetype\internal\ftcalc.h
F:\NOAHOSV2\trunk\Include\font\freetype\internal\ftdebug.h
F:\NOAHOSV2\trunk\Include\font\freetype\internal\ftdriver.h
F:\NOAHOSV2\trunk\Include\font\freetype\internal\ftgloadr.h
F:\NOAHOSV2\trunk\Include\font\freetype\internal\ftmemory.h
F:\NOAHOSV2\trunk\Include\font\freetype\internal\ftobjs.h
F:\NOAHOSV2\trunk\Include\font\freetype\internal\ftrfork.h
F:\NOAHOSV2\trunk\Include\font\freetype\internal\ftserv.h
F:\NOAHOSV2\trunk\Include\font\freetype\internal\ftstream.h
F:\NOAHOSV2\trunk\Include\font\freetype\internal\fttrace.h
F:\NOAHOSV2\trunk\Include\font\freetype\internal\ftvalid.h
F:\NOAHOSV2\trunk\Include\font\freetype\internal\internal.h
F:\NOAHOSV2\trunk\Include\font\freetype\internal\pcftypes.h
F:\NOAHOSV2\trunk\Include\font\freetype\internal\psaux.h
F:\NOAHOSV2\trunk\Include\font\freetype\internal\pshints.h
F:\NOAHOSV2\trunk\Include\font\freetype\internal\sfnt.h
F:\NOAHOSV2\trunk\Include\font\freetype\internal\t1types.h
F:\NOAHOSV2\trunk\Include\font\freetype\internal\tttypes.h
F:\NOAHOSV2\trunk\Include\font\freetype\internal\services\svbdf.h
F:\NOAHOSV2\trunk\Include\font\freetype\internal\services\svgldict.h
F:\NOAHOSV2\trunk\Include\font\freetype\internal\services\svgxval.h
F:\NOAHOSV2\trunk\Include\font\freetype\internal\services\svkern.h
F:\NOAHOSV2\trunk\Include\font\freetype\internal\services\svmm.h
F:\NOAHOSV2\trunk\Include\font\freetype\internal\services\svotval.h
F:\NOAHOSV2\trunk\Include\font\freetype\internal\services\svpfr.h
F:\NOAHOSV2\trunk\Include\font\freetype\internal\services\svpostnm.h
F:\NOAHOSV2\trunk\Include\font\freetype\internal\services\svpscmap.h
F:\NOAHOSV2\trunk\Include\font\freetype\internal\services\svpsinfo.h
F:\NOAHOSV2\trunk\Include\font\freetype\internal\services\svsfnt.h
F:\NOAHOSV2\trunk\Include\font\freetype\internal\services\svttcmap.h
F:\NOAHOSV2\trunk\Include\font\freetype\internal\services\svtteng.h
F:\NOAHOSV2\trunk\Include\font\freetype\internal\services\svttglyf.h
F:\NOAHOSV2\trunk\Include\font\freetype\internal\services\svwinfnt.h
F:\NOAHOSV2\trunk\Include\font\freetype\internal\services\svxf86nm.h
F:\NOAHOSV2\trunk\Include\gui\treebase.h
F:\NOAHOSV2\trunk\Include\gui\treeembody.h
F:\NOAHOSV2\trunk\Include\gui\treefocus.h
F:\NOAHOSV2\trunk\Include\gui\treeherit.h
F:\NOAHOSV2\trunk\Include\gui\treelayer.h
F:\NOAHOSV2\trunk\Include\gui\winapi.h
F:\NOAHOSV2\trunk\Include\gui\windrv.h
F:\NOAHOSV2\trunk\Include\gui\wingdi.h
F:\NOAHOSV2\trunk\Include\gui\wingr.h
F:\NOAHOSV2\trunk\Include\gui\winman.h
F:\NOAHOSV2\trunk\Include\gui\winmsg.h
F:\NOAHOSV2\trunk\Include\gui\winquit.h
F:\NOAHOSV2\trunk\Include\gui\wintype.h
F:\NOAHOSV2\trunk\Include\kernel\bootinfo.h
F:\NOAHOSV2\trunk\Include\kernel\callback.h
F:\NOAHOSV2\trunk\Include\kernel\device.h
F:\NOAHOSV2\trunk\Include\kernel\event.h
F:\NOAHOSV2\trunk\Include\kernel\handle.h
F:\NOAHOSV2\trunk\Include\kernel\ipc.h
F:\NOAHOSV2\trunk\Include\kernel\irq.h
F:\NOAHOSV2\trunk\Include\kernel\karch.h
F:\NOAHOSV2\trunk\Include\kernel\kernel.h
F:\NOAHOSV2\trunk\Include\kernel\kmem.h
F:\NOAHOSV2\trunk\Include\kernel\list.h
F:\NOAHOSV2\trunk\Include\kernel\lzw.h
F:\NOAHOSV2\trunk\Include\kernel\mmu.h
F:\NOAHOSV2\trunk\Include\kernel\page.h
F:\NOAHOSV2\trunk\Include\kernel\queue.h
F:\NOAHOSV2\trunk\Include\kernel\sched.h
F:\NOAHOSV2\trunk\Include\kernel\sync.h
F:\NOAHOSV2\trunk\Include\kernel\system.h
F:\NOAHOSV2\trunk\Include\kernel\task.h
F:\NOAHOSV2\trunk\Include\kernel\thread.h
F:\NOAHOSV2\trunk\Include\kernel\timer.h
F:\NOAHOSV2\trunk\Include\kernel\types.h
F:\NOAHOSV2\trunk\Include\kernel\vmem.h
F:\NOAHOSV2\trunk\Include\libc\_math.h
F:\NOAHOSV2\trunk\Include\libc\ar.h
F:\NOAHOSV2\trunk\Include\libc\assert.h
F:\NOAHOSV2\trunk\Include\libc\ctype.h
F:\NOAHOSV2\trunk\Include\libc\dirent.h
F:\NOAHOSV2\trunk\Include\libc\err.h
F:\NOAHOSV2\trunk\Include\libc\errno.h
F:\NOAHOSV2\trunk\Include\libc\fcntl.h
F:\NOAHOSV2\trunk\Include\libc\float.h
F:\NOAHOSV2\trunk\Include\libc\fstab.h
F:\NOAHOSV2\trunk\Include\libc\libgen.h
F:\NOAHOSV2\trunk\Include\libc\limits.h
F:\NOAHOSV2\trunk\Include\libc\paths.h
F:\NOAHOSV2\trunk\Include\libc\setjmp.h
F:\NOAHOSV2\trunk\Include\libc\signal.h
F:\NOAHOSV2\trunk\Include\libc\smcvals.h
F:\NOAHOSV2\trunk\Include\libc\stdarg.h
F:\NOAHOSV2\trunk\Include\libc\stddef.h
F:\NOAHOSV2\trunk\Include\libc\stdio.h
F:\NOAHOSV2\trunk\Include\libc\stdlib.h
F:\NOAHOSV2\trunk\Include\libc\string.h
F:\NOAHOSV2\trunk\Include\libc\termios.h
F:\NOAHOSV2\trunk\Include\libc\time.h
F:\NOAHOSV2\trunk\Include\libc\tzfile.h
F:\NOAHOSV2\trunk\Include\libc\unistd.h
F:\NOAHOSV2\trunk\Include\libc\wchar.h
F:\NOAHOSV2\trunk\Include\libc++\_ansi.h
F:\NOAHOSV2\trunk\Include\libc++\_G_config.h
F:\NOAHOSV2\trunk\Include\libc++\alloca.h
F:\NOAHOSV2\trunk\Include\libc++\ansidecl.h
F:\NOAHOSV2\trunk\Include\libc++\assert.h
F:\NOAHOSV2\trunk\Include\libc++\backward_warning.h
F:\NOAHOSV2\trunk\Include\libc++\ctype.h
F:\NOAHOSV2\trunk\Include\libc++\cxxabi.h
F:\NOAHOSV2\trunk\Include\libc++\demangle.h
F:\NOAHOSV2\trunk\Include\libc++\dyn-string.h
F:\NOAHOSV2\trunk\Include\libc++\errno.h
F:\NOAHOSV2\trunk\Include\libc++\exception_defines.h
F:\NOAHOSV2\trunk\Include\libc++\f_math.h
F:\NOAHOSV2\trunk\Include\libc++\f_smcvals.h
F:\NOAHOSV2\trunk\Include\libc++\fcntl.h
F:\NOAHOSV2\trunk\Include\libc++\float.h
F:\NOAHOSV2\trunk\Include\libc++\gcov-io.h
F:\NOAHOSV2\trunk\Include\libc++\getopt.h
F:\NOAHOSV2\trunk\Include\libc++\gthr.h
F:\NOAHOSV2\trunk\Include\libc++\gthr-single.h
F:\NOAHOSV2\trunk\Include\libc++\iso646.h
F:\NOAHOSV2\trunk\Include\libc++\libiberty.h
F:\NOAHOSV2\trunk\Include\libc++\limits.h
F:\NOAHOSV2\trunk\Include\libc++\locale.h
F:\NOAHOSV2\trunk\Include\libc++\math.h
F:\NOAHOSV2\trunk\Include\libc++\setjmp.h
F:\NOAHOSV2\trunk\Include\libc++\signal.h
F:\NOAHOSV2\trunk\Include\libc++\smcvals.h
F:\NOAHOSV2\trunk\Include\libc++\stdarg.h
F:\NOAHOSV2\trunk\Include\libc++\stdbool.h
F:\NOAHOSV2\trunk\Include\libc++\stddef.h
F:\NOAHOSV2\trunk\Include\libc++\stdint.h
F:\NOAHOSV2\trunk\Include\libc++\stdio.h
F:\NOAHOSV2\trunk\Include\libc++\stdlib.h
F:\NOAHOSV2\trunk\Include\libc++\string.h
F:\NOAHOSV2\trunk\Include\libc++\syslimits.h
F:\NOAHOSV2\trunk\Include\libc++\tconfig.h
F:\NOAHOSV2\trunk\Include\libc++\time.h
F:\NOAHOSV2\trunk\Include\libc++\tsystem.h
F:\NOAHOSV2\trunk\Include\libc++\unistd.h
F:\NOAHOSV2\trunk\Include\libc++\unwind.h
F:\NOAHOSV2\trunk\Include\libc++\unwind-pe.h
F:\NOAHOSV2\trunk\Include\libc++\varargs.h
F:\NOAHOSV2\trunk\Include\libc++\backward\algo.h
F:\NOAHOSV2\trunk\Include\libc++\backward\algobase.h
F:\NOAHOSV2\trunk\Include\libc++\backward\alloc.h
F:\NOAHOSV2\trunk\Include\libc++\backward\backward_warning.h
F:\NOAHOSV2\trunk\Include\libc++\backward\bvector.h
F:\NOAHOSV2\trunk\Include\libc++\backward\complex.h
F:\NOAHOSV2\trunk\Include\libc++\backward\defalloc.h
F:\NOAHOSV2\trunk\Include\libc++\backward\deque.h
F:\NOAHOSV2\trunk\Include\libc++\backward\fstream.h
F:\NOAHOSV2\trunk\Include\libc++\backward\function.h
F:\NOAHOSV2\trunk\Include\libc++\backward\hash_map.h
F:\NOAHOSV2\trunk\Include\libc++\backward\hash_set.h
F:\NOAHOSV2\trunk\Include\libc++\backward\hashtable.h
F:\NOAHOSV2\trunk\Include\libc++\backward\heap.h
F:\NOAHOSV2\trunk\Include\libc++\backward\iomanip.h
F:\NOAHOSV2\trunk\Include\libc++\backward\iostream.h
F:\NOAHOSV2\trunk\Include\libc++\backward\istream.h
F:\NOAHOSV2\trunk\Include\libc++\backward\iterator.h
F:\NOAHOSV2\trunk\Include\libc++\backward\list.h
F:\NOAHOSV2\trunk\Include\libc++\backward\map.h
F:\NOAHOSV2\trunk\Include\libc++\backward\multimap.h
F:\NOAHOSV2\trunk\Include\libc++\backward\multiset.h
F:\NOAHOSV2\trunk\Include\libc++\backward\new.h
F:\NOAHOSV2\trunk\Include\libc++\backward\ostream.h
F:\NOAHOSV2\trunk\Include\libc++\backward\pair.h
F:\NOAHOSV2\trunk\Include\libc++\backward\queue.h
F:\NOAHOSV2\trunk\Include\libc++\backward\rope.h
F:\NOAHOSV2\trunk\Include\libc++\backward\set.h
F:\NOAHOSV2\trunk\Include\libc++\backward\slist.h
F:\NOAHOSV2\trunk\Include\libc++\backward\stack.h
F:\NOAHOSV2\trunk\Include\libc++\backward\stream.h
F:\NOAHOSV2\trunk\Include\libc++\backward\streambuf.h
F:\NOAHOSV2\trunk\Include\libc++\backward\tempbuf.h
F:\NOAHOSV2\trunk\Include\libc++\backward\tree.h
F:\NOAHOSV2\trunk\Include\libc++\backward\vector.h
F:\NOAHOSV2\trunk\Include\libc++\bits\atomicity.h
F:\NOAHOSV2\trunk\Include\libc++\bits\basic_file_stdio.h
F:\NOAHOSV2\trunk\Include\libc++\bits\basic_ios.h
F:\NOAHOSV2\trunk\Include\libc++\bits\basic_string.h
F:\NOAHOSV2\trunk\Include\libc++\bits\boost_concept_check.h
F:\NOAHOSV2\trunk\Include\libc++\bits\c_io_stdio.h
F:\NOAHOSV2\trunk\Include\libc++\bits\c_locale.h
F:\NOAHOSV2\trunk\Include\libc++\bits\c++config.h
F:\NOAHOSV2\trunk\Include\libc++\bits\char_traits.h
F:\NOAHOSV2\trunk\Include\libc++\bits\codecvt.h
F:\NOAHOSV2\trunk\Include\libc++\bits\concept_check.h
F:\NOAHOSV2\trunk\Include\libc++\bits\cpp_type_traits.h
F:\NOAHOSV2\trunk\Include\libc++\bits\ctype_base.h
F:\NOAHOSV2\trunk\Include\libc++\bits\ctype_inline.h
F:\NOAHOSV2\trunk\Include\libc++\bits\ctype_noninline.h
F:\NOAHOSV2\trunk\Include\libc++\bits\fpos.h
F:\NOAHOSV2\trunk\Include\libc++\bits\functexcept.h
F:\NOAHOSV2\trunk\Include\libc++\bits\gslice.h
F:\NOAHOSV2\trunk\Include\libc++\bits\gslice_array.h
F:\NOAHOSV2\trunk\Include\libc++\bits\gthr.h
F:\NOAHOSV2\trunk\Include\libc++\bits\gthr-single.h
F:\NOAHOSV2\trunk\Include\libc++\bits\indirect_array.h
F:\NOAHOSV2\trunk\Include\libc++\bits\ios_base.h
F:\NOAHOSV2\trunk\Include\libc++\bits\locale_classes.h
F:\NOAHOSV2\trunk\Include\libc++\bits\locale_facets.h
F:\NOAHOSV2\trunk\Include\libc++\bits\localefwd.h
F:\NOAHOSV2\trunk\Include\libc++\bits\mask_array.h
F:\NOAHOSV2\trunk\Include\libc++\bits\messages_members.h
F:\NOAHOSV2\trunk\Include\libc++\bits\os_defines.h
F:\NOAHOSV2\trunk\Include\libc++\bits\pthread_allocimpl.h
F:\NOAHOSV2\trunk\Include\libc++\bits\slice_array.h
F:\NOAHOSV2\trunk\Include\libc++\bits\stl_algo.h
F:\NOAHOSV2\trunk\Include\libc++\bits\stl_algobase.h
F:\NOAHOSV2\trunk\Include\libc++\bits\stl_alloc.h
F:\NOAHOSV2\trunk\Include\libc++\bits\stl_bvector.h
F:\NOAHOSV2\trunk\Include\libc++\bits\stl_construct.h
F:\NOAHOSV2\trunk\Include\libc++\bits\stl_deque.h
F:\NOAHOSV2\trunk\Include\libc++\bits\stl_function.h
F:\NOAHOSV2\trunk\Include\libc++\bits\stl_heap.h
F:\NOAHOSV2\trunk\Include\libc++\bits\stl_iterator.h
F:\NOAHOSV2\trunk\Include\libc++\bits\stl_iterator_base_funcs.h
F:\NOAHOSV2\trunk\Include\libc++\bits\stl_iterator_base_types.h
F:\NOAHOSV2\trunk\Include\libc++\bits\stl_list.h
F:\NOAHOSV2\trunk\Include\libc++\bits\stl_map.h
F:\NOAHOSV2\trunk\Include\libc++\bits\stl_multimap.h
F:\NOAHOSV2\trunk\Include\libc++\bits\stl_multiset.h
F:\NOAHOSV2\trunk\Include\libc++\bits\stl_numeric.h
F:\NOAHOSV2\trunk\Include\libc++\bits\stl_pair.h
F:\NOAHOSV2\trunk\Include\libc++\bits\stl_pthread_alloc.h
F:\NOAHOSV2\trunk\Include\libc++\bits\stl_queue.h
F:\NOAHOSV2\trunk\Include\libc++\bits\stl_raw_storage_iter.h
F:\NOAHOSV2\trunk\Include\libc++\bits\stl_relops.h
F:\NOAHOSV2\trunk\Include\libc++\bits\stl_set.h
F:\NOAHOSV2\trunk\Include\libc++\bits\stl_stack.h
F:\NOAHOSV2\trunk\Include\libc++\bits\stl_tempbuf.h
F:\NOAHOSV2\trunk\Include\libc++\bits\stl_threads.h
F:\NOAHOSV2\trunk\Include\libc++\bits\stl_tree.h
F:\NOAHOSV2\trunk\Include\libc++\bits\stl_uninitialized.h
F:\NOAHOSV2\trunk\Include\libc++\bits\stl_vector.h
F:\NOAHOSV2\trunk\Include\libc++\bits\stream_iterator.h
F:\NOAHOSV2\trunk\Include\libc++\bits\streambuf_iterator.h
F:\NOAHOSV2\trunk\Include\libc++\bits\stringfwd.h
F:\NOAHOSV2\trunk\Include\libc++\bits\time_members.h
F:\NOAHOSV2\trunk\Include\libc++\bits\type_traits.h
F:\NOAHOSV2\trunk\Include\libc++\bits\valarray_array.h
F:\NOAHOSV2\trunk\Include\libc++\bits\valarray_meta.h
F:\NOAHOSV2\trunk\Include\libc++\c\std_cassert.h
F:\NOAHOSV2\trunk\Include\libc++\c\std_cctype.h
F:\NOAHOSV2\trunk\Include\libc++\c\std_cerrno.h
F:\NOAHOSV2\trunk\Include\libc++\c\std_cfloat.h
F:\NOAHOSV2\trunk\Include\libc++\c\std_ciso646.h
F:\NOAHOSV2\trunk\Include\libc++\c\std_climits.h
F:\NOAHOSV2\trunk\Include\libc++\c\std_clocale.h
F:\NOAHOSV2\trunk\Include\libc++\c\std_cmath.h
F:\NOAHOSV2\trunk\Include\libc++\c\std_csetjmp.h
F:\NOAHOSV2\trunk\Include\libc++\c\std_csignal.h
F:\NOAHOSV2\trunk\Include\libc++\c\std_cstdarg.h
F:\NOAHOSV2\trunk\Include\libc++\c\std_cstddef.h
F:\NOAHOSV2\trunk\Include\libc++\c\std_cstdio.h
F:\NOAHOSV2\trunk\Include\libc++\c\std_cstdlib.h
F:\NOAHOSV2\trunk\Include\libc++\c\std_cstring.h
F:\NOAHOSV2\trunk\Include\libc++\c\std_ctime.h
F:\NOAHOSV2\trunk\Include\libc++\c\std_cwchar.h
F:\NOAHOSV2\trunk\Include\libc++\c\std_cwctype.h
F:\NOAHOSV2\trunk\Include\libc++\c_compatibility\assert.h
F:\NOAHOSV2\trunk\Include\libc++\c_compatibility\ctype.h
F:\NOAHOSV2\trunk\Include\libc++\c_compatibility\errno.h
F:\NOAHOSV2\trunk\Include\libc++\c_compatibility\float.h
F:\NOAHOSV2\trunk\Include\libc++\c_compatibility\iso646.h
F:\NOAHOSV2\trunk\Include\libc++\c_compatibility\limits.h
F:\NOAHOSV2\trunk\Include\libc++\c_compatibility\locale.h
F:\NOAHOSV2\trunk\Include\libc++\c_compatibility\math.h
F:\NOAHOSV2\trunk\Include\libc++\c_compatibility\setjmp.h
F:\NOAHOSV2\trunk\Include\libc++\c_compatibility\signal.h
F:\NOAHOSV2\trunk\Include\libc++\c_compatibility\stdarg.h
F:\NOAHOSV2\trunk\Include\libc++\c_compatibility\stddef.h
F:\NOAHOSV2\trunk\Include\libc++\c_compatibility\stdio.h
F:\NOAHOSV2\trunk\Include\libc++\c_compatibility\stdlib.h
F:\NOAHOSV2\trunk\Include\libc++\c_compatibility\string.h
F:\NOAHOSV2\trunk\Include\libc++\c_compatibility\time.h
F:\NOAHOSV2\trunk\Include\libc++\c_compatibility\wchar.h
F:\NOAHOSV2\trunk\Include\libc++\c_compatibility\wctype.h
F:\NOAHOSV2\trunk\Include\libc++\c_std\std_cassert.h
F:\NOAHOSV2\trunk\Include\libc++\c_std\std_cctype.h
F:\NOAHOSV2\trunk\Include\libc++\c_std\std_cerrno.h
F:\NOAHOSV2\trunk\Include\libc++\c_std\std_cfloat.h
F:\NOAHOSV2\trunk\Include\libc++\c_std\std_ciso646.h
F:\NOAHOSV2\trunk\Include\libc++\c_std\std_climits.h
F:\NOAHOSV2\trunk\Include\libc++\c_std\std_clocale.h
F:\NOAHOSV2\trunk\Include\libc++\c_std\std_cmath.h
F:\NOAHOSV2\trunk\Include\libc++\c_std\std_csetjmp.h
F:\NOAHOSV2\trunk\Include\libc++\c_std\std_csignal.h
F:\NOAHOSV2\trunk\Include\libc++\c_std\std_cstdarg.h
F:\NOAHOSV2\trunk\Include\libc++\c_std\std_cstddef.h
F:\NOAHOSV2\trunk\Include\libc++\c_std\std_cstdio.h
F:\NOAHOSV2\trunk\Include\libc++\c_std\std_cstdlib.h
F:\NOAHOSV2\trunk\Include\libc++\c_std\std_cstring.h
F:\NOAHOSV2\trunk\Include\libc++\c_std\std_ctime.h
F:\NOAHOSV2\trunk\Include\libc++\c_std\std_cwchar.h
F:\NOAHOSV2\trunk\Include\libc++\c_std\std_cwctype.h
F:\NOAHOSV2\trunk\Include\libc++\ext\enc_filebuf.h
F:\NOAHOSV2\trunk\Include\libc++\ext\ropeimpl.h
F:\NOAHOSV2\trunk\Include\libc++\ext\stdio_filebuf.h
F:\NOAHOSV2\trunk\Include\libc++\ext\stl_hash_fun.h
F:\NOAHOSV2\trunk\Include\libc++\ext\stl_hashtable.h
F:\NOAHOSV2\trunk\Include\libc++\ext\stl_rope.h
F:\NOAHOSV2\trunk\Include\libc++\machine\types.h
F:\NOAHOSV2\trunk\Include\libc++\std\std_algorithm.h
F:\NOAHOSV2\trunk\Include\libc++\std\std_bitset.h
F:\NOAHOSV2\trunk\Include\libc++\std\std_complex.h
F:\NOAHOSV2\trunk\Include\libc++\std\std_deque.h
F:\NOAHOSV2\trunk\Include\libc++\std\std_fstream.h
F:\NOAHOSV2\trunk\Include\libc++\std\std_functional.h
F:\NOAHOSV2\trunk\Include\libc++\std\std_iomanip.h
F:\NOAHOSV2\trunk\Include\libc++\std\std_ios.h
F:\NOAHOSV2\trunk\Include\libc++\std\std_iosfwd.h
F:\NOAHOSV2\trunk\Include\libc++\std\std_iostream.h
F:\NOAHOSV2\trunk\Include\libc++\std\std_istream.h
F:\NOAHOSV2\trunk\Include\libc++\std\std_iterator.h
F:\NOAHOSV2\trunk\Include\libc++\std\std_limits.h
F:\NOAHOSV2\trunk\Include\libc++\std\std_list.h
F:\NOAHOSV2\trunk\Include\libc++\std\std_locale.h
F:\NOAHOSV2\trunk\Include\libc++\std\std_map.h
F:\NOAHOSV2\trunk\Include\libc++\std\std_memory.h
F:\NOAHOSV2\trunk\Include\libc++\std\std_numeric.h
F:\NOAHOSV2\trunk\Include\libc++\std\std_ostream.h
F:\NOAHOSV2\trunk\Include\libc++\std\std_queue.h
F:\NOAHOSV2\trunk\Include\libc++\std\std_set.h
F:\NOAHOSV2\trunk\Include\libc++\std\std_sstream.h
F:\NOAHOSV2\trunk\Include\libc++\std\std_stack.h
F:\NOAHOSV2\trunk\Include\libc++\std\std_stdexcept.h
F:\NOAHOSV2\trunk\Include\libc++\std\std_streambuf.h
F:\NOAHOSV2\trunk\Include\libc++\std\std_string.h
F:\NOAHOSV2\trunk\Include\libc++\std\std_utility.h
F:\NOAHOSV2\trunk\Include\libc++\std\std_valarray.h
F:\NOAHOSV2\trunk\Include\libc++\std\std_vector.h
F:\NOAHOSV2\trunk\Include\libc++\sys\_types.h
F:\NOAHOSV2\trunk\Include\libc++\sys\cdefs.h
F:\NOAHOSV2\trunk\Include\libc++\sys\config.h
F:\NOAHOSV2\trunk\Include\libc++\sys\fcntl.h
F:\NOAHOSV2\trunk\Include\libc++\sys\features.h
F:\NOAHOSV2\trunk\Include\libc++\sys\file.h
F:\NOAHOSV2\trunk\Include\libc++\sys\mman.h
F:\NOAHOSV2\trunk\Include\libc++\sys\param.h
F:\NOAHOSV2\trunk\Include\libc++\sys\resource.h
F:\NOAHOSV2\trunk\Include\libc++\sys\sched.h
F:\NOAHOSV2\trunk\Include\libc++\sys\select.h
F:\NOAHOSV2\trunk\Include\libc++\sys\signal.h
F:\NOAHOSV2\trunk\Include\libc++\sys\stat.h
F:\NOAHOSV2\trunk\Include\libc++\sys\time.h
F:\NOAHOSV2\trunk\Include\libc++\sys\timeb.h
F:\NOAHOSV2\trunk\Include\libc++\sys\types.h
F:\NOAHOSV2\trunk\Include\libc++\sys\unistd.h
F:\NOAHOSV2\trunk\Include\libc++\sys\wait.h
F:\NOAHOSV2\trunk\Include\libm\errno.h
F:\NOAHOSV2\trunk\Include\libm\math.h
F:\NOAHOSV2\trunk\Include\libm\math_private.h
F:\NOAHOSV2\trunk\Include\libm\mathfuncs.h
F:\NOAHOSV2\trunk\Include\noahos\audio.h
F:\NOAHOSV2\trunk\Include\noahos\bootinfo.h
F:\NOAHOSV2\trunk\Include\noahos\device.h
F:\NOAHOSV2\trunk\Include\noahos\elf.h
F:\NOAHOSV2\trunk\Include\noahos\gdi.h
F:\NOAHOSV2\trunk\Include\noahos\grlib.h
F:\NOAHOSV2\trunk\Include\noahos\guiv1.h
F:\NOAHOSV2\trunk\Include\noahos\ioctl.h
F:\NOAHOSV2\trunk\Include\noahos\keycode.h
F:\NOAHOSV2\trunk\Include\noahos\media.h
F:\NOAHOSV2\trunk\Include\noahos\message.h
F:\NOAHOSV2\trunk\Include\noahos\posix.h
F:\NOAHOSV2\trunk\Include\noahos\power.h
F:\NOAHOSV2\trunk\Include\noahos\prex.h
F:\NOAHOSV2\trunk\Include\noahos\signal.h
F:\NOAHOSV2\trunk\Include\noahos\surface.h
F:\NOAHOSV2\trunk\Include\noahos\sysinfo.h
F:\NOAHOSV2\trunk\Include\noahos\types.h
F:\NOAHOSV2\trunk\Include\noahos\vedio.h
F:\NOAHOSV2\trunk\Include\noahos\widget.h
F:\NOAHOSV2\trunk\Include\peripheral\MassStorage.h
F:\NOAHOSV2\trunk\Include\peripheral\Nandrv.h
F:\NOAHOSV2\trunk\Include\peripheral\Sdrv.h
F:\NOAHOSV2\trunk\Include\peripheral\TouchCalibrate.h
F:\NOAHOSV2\trunk\Include\peripheral\Usb.h
F:\NOAHOSV2\trunk\Include\peripheral\UsbBus.h
F:\NOAHOSV2\trunk\Include\platform\platform.h
F:\NOAHOSV2\trunk\Include\platform\AK3620\anyka_cpu.h
F:\NOAHOSV2\trunk\Include\platform\AK3620\anyka_types.h
F:\NOAHOSV2\trunk\Include\platform\AK3620\gpio.h
F:\NOAHOSV2\trunk\Include\platform\AK3620\nand_list.h
F:\NOAHOSV2\trunk\Include\platform\AK3620\platform.h
F:\NOAHOSV2\trunk\Include\platform\AK7802\anyka_cpu.h
F:\NOAHOSV2\trunk\Include\platform\AK7802\anyka_cpu_780x.h
F:\NOAHOSV2\trunk\Include\platform\AK7802\anyka_types.h
F:\NOAHOSV2\trunk\Include\platform\AK7802\nand_list.h
F:\NOAHOSV2\trunk\Include\platform\AK7802\platform.h
F:\NOAHOSV2\trunk\Include\platform\AK8802\anyka_cpu.h
F:\NOAHOSV2\trunk\Include\platform\AK8802\anyka_cpu_780x.h
F:\NOAHOSV2\trunk\Include\platform\AK8802\anyka_types.h
F:\NOAHOSV2\trunk\Include\platform\AK8802\nand_list.h
F:\NOAHOSV2\trunk\Include\platform\AK8802\platform.h
F:\NOAHOSV2\trunk\Include\platform\i386\platform.h
F:\NOAHOSV2\trunk\Include\platform\JZ4740\autoconf.h
F:\NOAHOSV2\trunk\Include\platform\JZ4740\bsp.h
F:\NOAHOSV2\trunk\Include\platform\JZ4740\cacheops.h
F:\NOAHOSV2\trunk\Include\platform\JZ4740\context.h
F:\NOAHOSV2\trunk\Include\platform\JZ4740\frmwrk.h
F:\NOAHOSV2\trunk\Include\platform\JZ4740\jz4740.h
F:\NOAHOSV2\trunk\Include\platform\JZ4740\leo.h
F:\NOAHOSV2\trunk\Include\platform\JZ4740\nand.h
F:\NOAHOSV2\trunk\Include\platform\JZ4740\pavo.h
F:\NOAHOSV2\trunk\Include\platform\JZ4740\platform.h
F:\NOAHOSV2\trunk\Include\platform\JZ4740\sysdefs.h
F:\NOAHOSV2\trunk\Include\platform\JZ4740\types.h
F:\NOAHOSV2\trunk\Include\platform\win32\platform.h
F:\NOAHOSV2\trunk\Include\sys\buf.h
F:\NOAHOSV2\trunk\Include\sys\cdefs.h
F:\NOAHOSV2\trunk\Include\sys\dirent.h
F:\NOAHOSV2\trunk\Include\sys\elf.h
F:\NOAHOSV2\trunk\Include\sys\endian.h
F:\NOAHOSV2\trunk\Include\sys\errno.h
F:\NOAHOSV2\trunk\Include\sys\fcntl.h
F:\NOAHOSV2\trunk\Include\sys\file.h
F:\NOAHOSV2\trunk\Include\sys\ioccom.h
F:\NOAHOSV2\trunk\Include\sys\ioctl.h
F:\NOAHOSV2\trunk\Include\sys\list.h
F:\NOAHOSV2\trunk\Include\sys\mount.h
F:\NOAHOSV2\trunk\Include\sys\null.h
F:\NOAHOSV2\trunk\Include\sys\param.h
F:\NOAHOSV2\trunk\Include\sys\resource.h
F:\NOAHOSV2\trunk\Include\sys\signal.h
F:\NOAHOSV2\trunk\Include\sys\stat.h
F:\NOAHOSV2\trunk\Include\sys\syslog.h
F:\NOAHOSV2\trunk\Include\sys\systrap.h
F:\NOAHOSV2\trunk\Include\sys\termios.h
F:\NOAHOSV2\trunk\Include\sys\time.h
F:\NOAHOSV2\trunk\Include\sys\tty.h
F:\NOAHOSV2\trunk\Include\sys\ttycom.h
F:\NOAHOSV2\trunk\Include\sys\ttydefaults.h
F:\NOAHOSV2\trunk\Include\sys\types.h
F:\NOAHOSV2\trunk\Include\sys\utsname.h
F:\NOAHOSV2\trunk\Include\sys\vnode.h
F:\NOAHOSV2\trunk\Include\sys\wait.h
F:\NOAHOSV2\trunk\Include\syslib\alarm.h
F:\NOAHOSV2\trunk\Include\syslib\apman.h
F:\NOAHOSV2\trunk\Include\syslib\burn.h
F:\NOAHOSV2\trunk\Include\syslib\devcheck.h
F:\NOAHOSV2\trunk\Include\syslib\dt.h
F:\NOAHOSV2\trunk\Include\syslib\exec.h
F:\NOAHOSV2\trunk\Include\syslib\probepin.h
F:\NOAHOSV2\trunk\Include\syslib\sharevar.h
F:\NOAHOSV2\trunk\Include\syslib\sleep.h
